hello
v24.4.0
